# Bake Begins!
### (1 of 6) Copy sources
$ cp -a /home/travis/build/fontdirectory/bigshotone/METADATA.json /home/travis/build/fontdirectory/bigshotone/builds/build
$ cp -a /home/travis/build/fontdirectory/bigshotone/DESCRIPTION.en_us.html /home/travis/build/fontdirectory/bigshotone/builds/build
$ cp -a /home/travis/build/fontdirectory/bigshotone/FONTLOG.txt /home/travis/build/fontdirectory/bigshotone/builds/build
$ cp -a src/BigshotOne.ufo BigshotOne.ttf.ttx src/BigshotOne.otf.ttx src/BigshotOne-TTF.sfd src/BigshotOne.otf.O_S_2f_2.ttx src/BigshotOne.otf._k_e_r_n.ttx src/BigshotOne.otf._p_o_s_t.ttx src/BigshotOne.otf._h_m_t_x.ttx src/BigshotOne.otf._m_a_x_p.ttx src/BigshotOne.otf._c_m_a_p.ttx src/BigshotOne.otf.G_P_O_S_.ttx src/BigshotOne.otf._n_a_m_e.ttx src/BigshotOne.otf._h_h_e_a.ttx src/BigshotOne.otf.C_F_F_.ttx src/BigshotOne.otf._h_e_a_d.ttx src/BigshotOne.otf.GlyphOrder.ttx src/BigshotOne.otf.ttx BigshotOne.ttf.O_S_2f_2.ttx BigshotOne.ttf._c_m_a_p.ttx BigshotOne.ttf._f_p_g_m.ttx BigshotOne.ttf._c_v_t.ttx BigshotOne.ttf._h_e_a_d.ttx BigshotOne.ttf._l_o_c_a.ttx BigshotOne.ttf._n_a_m_e.ttx BigshotOne.ttf._p_r_e_p.ttx BigshotOne.ttf.D_S_I_G_.ttx BigshotOne.ttf.GlyphOrder.ttx BigshotOne.ttf._p_o_s_t.ttx BigshotOne.ttf._h_h_e_a.ttx BigshotOne.ttf._h_m_t_x.ttx BigshotOne.ttf.G_D_E_F_.ttx BigshotOne.ttf._g_a_s_p.ttx BigshotOne.ttf._g_l_y_f.ttx BigshotOne.ttf.G_S_U_B_.ttx BigshotOne.ttf.G_P_O_S_.ttx BigshotOne.ttf.F_F_T_M_.ttx BigshotOne.ttf._m_a_x_p.ttx src/BigshotOne.otf.O_S_2f_2.ttx src/BigshotOne.otf._k_e_r_n.ttx src/BigshotOne.otf._p_o_s_t.ttx src/BigshotOne.otf._h_m_t_x.ttx src/BigshotOne.otf._m_a_x_p.ttx src/BigshotOne.otf._c_m_a_p.ttx src/BigshotOne.otf.G_P_O_S_.ttx src/BigshotOne.otf._n_a_m_e.ttx src/BigshotOne.otf._h_h_e_a.ttx src/BigshotOne.otf.C_F_F_.ttx src/BigshotOne.otf._h_e_a_d.ttx src/BigshotOne.otf.GlyphOrder.ttx /home/travis/build/fontdirectory/bigshotone/builds/build/sources
### (2 of 6) pyfontaine
### (3 of 6) Run upstream tests
$ bakery-lint.py upstream-repo sources
bakery_lint.tests.upstream.test_check_upstream_sources.ProjectUpstreamTestCase.test_bakery_yaml_exists(): OK
bakery_lint.tests.upstream.test_check_upstream_sources.ProjectUpstreamTestCase.test_copyright_notices_same_across_family(): OK
bakery_lint.tests.upstream.test_check_upstream_sources.ProjectUpstreamTestCase.test_description_html_exists(): OK
bakery_lint.tests.upstream.test_check_upstream_sources.ProjectUpstreamTestCase.test_fontlog_txt_exists(): OK
bakery_lint.tests.upstream.test_check_upstream_sources.ProjectUpstreamTestCase.test_metadata_json_exists(): OK
$ fontaine --collections subsets --text /home/travis/build/fontdirectory/bigshotone/builds/build/sources/BigshotOne.ufo /home/travis/build/fontdirectory/bigshotone/builds/build/sources/BigshotOne.ttf.ttx /home/travis/build/fontdirectory/bigshotone/builds/build/sources/BigshotOne.otf.ttx /home/travis/build/fontdirectory/bigshotone/builds/build/sources/BigshotOne-TTF.sfd > fontaine.txt
WARNING: Please install [PyICU](https://pypi.python.org/pypi/PyICU) toenable [feature], perhaps with: pip install pyicu
bakery_lint.tests.upstream.test_prepolation.FontTestPrepolation.test_font_prepolation_glyph_contours(): FAIL
pyfontaine error: Not a TrueType or OpenType font (bad sfntVersion)
pyfontaine process has been failed
bakery_lint.tests.upstream.test_prepolation.FontTestPrepolation.test_font_prepolation_glyph_points(): FAIL
bakery_lint.tests.upstream.test_prepolation.FontTestPrepolation.test_font_test_prepolation_glyph_names(): OK
bakery_lint.tests.upstream.test_diacritic.TestDiacritic.test_diacritic_made_as_component(): OK
bakery_lint.tests.upstream.test_diacritic.TestDiacritic.test_diacritic_made_as_mark_to_mark(): OK
bakery_lint.tests.upstream.test_diacritic.TestDiacritic.test_diacritic_made_as_own_glyphs(): OK
$ bakery-lint.py upstream BigshotOne.ufo
bakery_lint.tests.upstream.test_check_ufo_requirements.UfoOpenTest.test_has_rupee(): ERROR
bakery_lint.tests.upstream.test_check_ufo_requirements.UfoOpenTest.test_is_A(): OK
bakery_lint.tests.upstream.test_check_ufo_requirements.UfoOpenTest.test_is_A_a_glyph_instance(): OK
bakery_lint.tests.upstream.test_check_ufo_requirements.UfoOpenTest.test_is_ended_ufo(): OK
bakery_lint.tests.upstream.test_check_ufo_requirements.UfoOpenTest.test_is_folder(): OK
bakery_lint.tests.upstream.test_check_ufo_requirements.UfoOpenTest.test_is_fsType_eq_1(): FAIL
bakery_lint.tests.upstream.test_check_ufo_requirements.UfoOpenTest.test_it_exists(): OK
bakery_lint.tests.upstream.test_font_filename_eq_familystyle.TestTTFSourceFontFileNameEqualsFamilyStyle.test_source_ttf_font_filename_equals_familystyle(): ERROR
Use of undefined glyph class, @_A_1st, on line 323 of /home/travis/build/fontdirectory/bigshotone/builds/build/sources/BigshotOne.ufo/features.fea
Use of undefined glyph class, @_A_1st, on line 324 of /home/travis/build/fontdirectory/bigshotone/builds/build/sources/BigshotOne.ufo/features.fea
Use of undefined glyph class, @_A_1st, on line 325 of /home/travis/build/fontdirectory/bigshotone/builds/build/sources/BigshotOne.ufo/features.fea
Use of undefined glyph class, @_A_1st, on line 326 of /home/travis/build/fontdirectory/bigshotone/builds/build/sources/BigshotOne.ufo/features.fea
Use of undefined glyph class, @_A_1st, on line 327 of /home/travis/build/fontdirectory/bigshotone/builds/build/sources/BigshotOne.ufo/features.fea
Use of undefined glyph class, @_A_1st, on line 328 of /home/travis/build/fontdirectory/bigshotone/builds/build/sources/BigshotOne.ufo/features.fea
Use of undefined glyph class, @_A_1st, on line 329 of /home/travis/build/fontdirectory/bigshotone/builds/build/sources/BigshotOne.ufo/features.fea
Use of undefined glyph class, @_A_1st, on line 330 of /home/travis/build/fontdirectory/bigshotone/builds/build/sources/BigshotOne.ufo/features.fea
Use of undefined glyph class, @_A_1st, on line 331 of /home/travis/build/fontdirectory/bigshotone/builds/build/sources/BigshotOne.ufo/features.fea
Use of undefined glyph class, @_A_1st, on line 332 of /home/travis/build/fontdirectory/bigshotone/builds/build/sources/BigshotOne.ufo/features.fea
Use of undefined glyph class, @_A_1st, on line 333 of /home/travis/build/fontdirectory/bigshotone/builds/build/sources/BigshotOne.ufo/features.fea
Use of undefined glyph class, @_A_1st, on line 334 of /home/travis/build/fontdirectory/bigshotone/builds/build/sources/BigshotOne.ufo/features.fea
Use of undefined glyph class, @_A_1st, on line 335 of /home/travis/build/fontdirectory/bigshotone/builds/build/sources/BigshotOne.ufo/features.fea
Use of undefined glyph class, @_A_1st, on line 336 of /home/travis/build/fontdirectory/bigshotone/builds/build/sources/BigshotOne.ufo/features.fea
Use of undefined glyph class, @_A_1st, on line 337 of /home/travis/build/fontdirectory/bigshotone/builds/build/sources/BigshotOne.ufo/features.fea
Use of undefined glyph class, @_A_1st, on line 338 of /home/travis/build/fontdirectory/bigshotone/builds/build/sources/BigshotOne.ufo/features.fea
Use of undefined glyph class, @_A_1st, on line 339 of /home/travis/build/fontdirectory/bigshotone/builds/build/sources/BigshotOne.ufo/features.fea
Use of undefined glyph class, @_A_1st, on line 340 of /home/travis/build/fontdirectory/bigshotone/builds/build/sources/BigshotOne.ufo/features.fea
Use of undefined glyph class, @_A_1st, on line 341 of /home/travis/build/fontdirectory/bigshotone/builds/build/sources/BigshotOne.ufo/features.fea
Use of undefined glyph class, @_A_1st, on line 342 of /home/travis/build/fontdirectory/bigshotone/builds/build/sources/BigshotOne.ufo/features.fea
Use of undefined glyph class, @_A_1st, on line 343 of /home/travis/build/fontdirectory/bigshotone/builds/build/sources/BigshotOne.ufo/features.fea
Use of undefined glyph class, @_Y, on line 344 of /home/travis/build/fontdirectory/bigshotone/builds/build/sources/BigshotOne.ufo/features.fea
Use of undefined glyph class, @_Y, on line 345 of /home/travis/build/fontdirectory/bigshotone/builds/build/sources/BigshotOne.ufo/features.fea
Use of undefined glyph class, @_Y, on line 346 of /home/travis/build/fontdirectory/bigshotone/builds/build/sources/BigshotOne.ufo/features.fea
Use of undefined glyph class, @_Y, on line 347 of /home/travis/build/fontdirectory/bigshotone/builds/build/sources/BigshotOne.ufo/features.fea
Use of undefined glyph class, @_Y, on line 348 of /home/travis/build/fontdirectory/bigshotone/builds/build/sources/BigshotOne.ufo/features.fea
Use of undefined glyph class, @_Y, on line 349 of /home/travis/build/fontdirectory/bigshotone/builds/build/sources/BigshotOne.ufo/features.fea
Use of undefined glyph class, @_Y, on line 350 of /home/travis/build/fontdirectory/bigshotone/builds/build/sources/BigshotOne.ufo/features.fea
Use of undefined glyph class, @_Y, on line 351 of /home/travis/build/fontdirectory/bigshotone/builds/build/sources/BigshotOne.ufo/features.fea
Use of undefined glyph class, @_Y, on line 352 of /home/travis/build/fontdirectory/bigshotone/builds/build/sources/BigshotOne.ufo/features.fea
Use of undefined glyph class, @_Y, on line 353 of /home/travis/build/fontdirectory/bigshotone/builds/build/sources/BigshotOne.ufo/features.fea
Use of undefined glyph class, @_Y, on line 354 of /home/travis/build/fontdirectory/bigshotone/builds/build/sources/BigshotOne.ufo/features.fea
Use of undefined glyph class, @_Y, on line 355 of /home/travis/build/fontdirectory/bigshotone/builds/build/sources/BigshotOne.ufo/features.fea
Use of undefined glyph class, @_Y, on line 356 of /home/travis/build/fontdirectory/bigshotone/builds/build/sources/BigshotOne.ufo/features.fea
Use of undefined glyph class, @_Y, on line 357 of /home/travis/build/fontdirectory/bigshotone/builds/build/sources/BigshotOne.ufo/features.fea
Use of undefined glyph class, @_Y, on line 358 of /home/travis/build/fontdirectory/bigshotone/builds/build/sources/BigshotOne.ufo/features.fea
Use of undefined glyph class, @_Y, on line 359 of /home/travis/build/fontdirectory/bigshotone/builds/build/sources/BigshotOne.ufo/features.fea
Use of undefined glyph class, @_Y, on line 360 of /home/travis/build/fontdirectory/bigshotone/builds/build/sources/BigshotOne.ufo/features.fea
Use of undefined glyph class, @_Y, on line 361 of /home/travis/build/fontdirectory/bigshotone/builds/build/sources/BigshotOne.ufo/features.fea
Use of undefined glyph class, @_Y, on line 362 of /home/travis/build/fontdirectory/bigshotone/builds/build/sources/BigshotOne.ufo/features.fea
Use of undefined glyph class, @_Y, on line 363 of /home/travis/build/fontdirectory/bigshotone/builds/build/sources/BigshotOne.ufo/features.fea
Use of undefined glyph class, @_Y, on line 364 of /home/travis/build/fontdirectory/bigshotone/builds/build/sources/BigshotOne.ufo/features.fea
Use of undefined glyph class, @_Y, on line 365 of /home/travis/build/fontdirectory/bigshotone/builds/build/sources/BigshotOne.ufo/features.fea
Use of undefined glyph class, @_Y, on line 366 of /home/travis/build/fontdirectory/bigshotone/builds/build/sources/BigshotOne.ufo/features.fea
Use of undefined glyph class, @_Y, on line 367 of /home/travis/build/fontdirectory/bigshotone/builds/build/sources/BigshotOne.ufo/features.fea
Use of undefined glyph class, @_Y, on line 368 of /home/travis/build/fontdirectory/bigshotone/builds/build/sources/BigshotOne.ufo/features.fea
Use of undefined glyph class, @_Y, on line 369 of /home/travis/build/fontdirectory/bigshotone/builds/build/sources/BigshotOne.ufo/features.fea
Use of undefined glyph class, @_Y, on line 370 of /home/travis/build/fontdirectory/bigshotone/builds/build/sources/BigshotOne.ufo/features.fea
Use of undefined glyph class, @_Y, on line 371 of /home/travis/build/fontdirectory/bigshotone/builds/build/sources/BigshotOne.ufo/features.fea
Use of undefined glyph class, @_Y, on line 372 of /home/travis/build/fontdirectory/bigshotone/builds/build/sources/BigshotOne.ufo/features.fea
Use of undefined glyph class, @_Y, on line 373 of /home/travis/build/fontdirectory/bigshotone/builds/build/sources/BigshotOne.ufo/features.fea
Use of undefined glyph class, @_Y, on line 374 of /home/travis/build/fontdirectory/bigshotone/builds/build/sources/BigshotOne.ufo/features.fea
Use of undefined glyph class, @_O_1st, on line 375 of /home/travis/build/fontdirectory/bigshotone/builds/build/sources/BigshotOne.ufo/features.fea
Use of undefined glyph class, @_O_1st, on line 376 of /home/travis/build/fontdirectory/bigshotone/builds/build/sources/BigshotOne.ufo/features.fea
Use of undefined glyph class, @_O_1st, on line 377 of /home/travis/build/fontdirectory/bigshotone/builds/build/sources/BigshotOne.ufo/features.fea
Use of undefined glyph class, @_O_1st, on line 378 of /home/travis/build/fontdirectory/bigshotone/builds/build/sources/BigshotOne.ufo/features.fea
Use of undefined glyph class, @_U, on line 379 of /home/travis/build/fontdirectory/bigshotone/builds/build/sources/BigshotOne.ufo/features.fea
Use of undefined glyph class, @_U, on line 380 of /home/travis/build/fontdirectory/bigshotone/builds/build/sources/BigshotOne.ufo/features.fea
Use of undefined glyph class, @_U, on line 381 of /home/travis/build/fontdirectory/bigshotone/builds/build/sources/BigshotOne.ufo/features.fea
Use of undefined glyph class, @_U, on line 382 of /home/travis/build/fontdirectory/bigshotone/builds/build/sources/BigshotOne.ufo/features.fea
Use of undefined glyph class, @_U, on line 383 of /home/travis/build/fontdirectory/bigshotone/builds/build/sources/BigshotOne.ufo/features.fea
Use of undefined glyph class, @_U, on line 384 of /home/travis/build/fontdirectory/bigshotone/builds/build/sources/BigshotOne.ufo/features.fea
Use of undefined glyph class, @_U, on line 385 of /home/travis/build/fontdirectory/bigshotone/builds/build/sources/BigshotOne.ufo/features.fea
Use of undefined glyph class, @_U, on line 386 of /home/travis/build/fontdirectory/bigshotone/builds/build/sources/BigshotOne.ufo/features.fea
Use of undefined glyph class, @_U, on line 387 of /home/travis/build/fontdirectory/bigshotone/builds/build/sources/BigshotOne.ufo/features.fea
Use of undefined glyph class, @_U, on line 388 of /home/travis/build/fontdirectory/bigshotone/builds/build/sources/BigshotOne.ufo/features.fea
Use of undefined glyph class, @_U, on line 389 of /home/travis/build/fontdirectory/bigshotone/builds/build/sources/BigshotOne.ufo/features.fea
Use of undefined glyph class, @_U, on line 390 of /home/travis/build/fontdirectory/bigshotone/builds/build/sources/BigshotOne.ufo/features.fea
Use of undefined glyph class, @_U, on line 391 of /home/travis/build/fontdirectory/bigshotone/builds/build/sources/BigshotOne.ufo/features.fea
Use of undefined glyph class, @_y, on line 392 of /home/travis/build/fontdirectory/bigshotone/builds/build/sources/BigshotOne.ufo/features.fea
Use of undefined glyph class, @_y, on line 393 of /home/travis/build/fontdirectory/bigshotone/builds/build/sources/BigshotOne.ufo/features.fea
Use of undefined glyph class, @_y, on line 394 of /home/travis/build/fontdirectory/bigshotone/builds/build/sources/BigshotOne.ufo/features.fea
Use of undefined glyph class, @_y, on line 395 of /home/travis/build/fontdirectory/bigshotone/builds/build/sources/BigshotOne.ufo/features.fea
Use of undefined glyph class, @_y, on line 396 of /home/travis/build/fontdirectory/bigshotone/builds/build/sources/BigshotOne.ufo/features.fea
Use of undefined glyph class, @_y, on line 397 of /home/travis/build/fontdirectory/bigshotone/builds/build/sources/BigshotOne.ufo/features.fea
Use of undefined glyph class, @_y, on line 398 of /home/travis/build/fontdirectory/bigshotone/builds/build/sources/BigshotOne.ufo/features.fea
Use of undefined glyph class, @_y, on line 399 of /home/travis/build/fontdirectory/bigshotone/builds/build/sources/BigshotOne.ufo/features.fea
Use of undefined glyph class, @_y, on line 400 of /home/travis/build/fontdirectory/bigshotone/builds/build/sources/BigshotOne.ufo/features.fea
Use of undefined glyph class, @_y, on line 401 of /home/travis/build/fontdirectory/bigshotone/builds/build/sources/BigshotOne.ufo/features.fea
Use of undefined glyph class, @_y, on line 402 of /home/travis/build/fontdirectory/bigshotone/builds/build/sources/BigshotOne.ufo/features.fea
Use of undefined glyph class, @_y, on line 403 of /home/travis/build/fontdirectory/bigshotone/builds/build/sources/BigshotOne.ufo/features.fea
Use of undefined glyph class, @_y, on line 404 of /home/travis/build/fontdirectory/bigshotone/builds/build/sources/BigshotOne.ufo/features.fea
Use of undefined glyph class, @_y, on line 405 of /home/travis/build/fontdirectory/bigshotone/builds/build/sources/BigshotOne.ufo/features.fea
Use of undefined glyph class, @_y, on line 406 of /home/travis/build/fontdirectory/bigshotone/builds/build/sources/BigshotOne.ufo/features.fea
Use of undefined glyph class, @_y, on line 407 of /home/travis/build/fontdirectory/bigshotone/builds/build/sources/BigshotOne.ufo/features.fea
Use of undefined glyph class, @_o_1st, on line 408 of /home/travis/build/fontdirectory/bigshotone/builds/build/sources/BigshotOne.ufo/features.fea
Use of undefined glyph class, @_o_1st, on line 409 of /home/travis/build/fontdirectory/bigshotone/builds/build/sources/BigshotOne.ufo/features.fea
Use of undefined glyph class, @_o_1st, on line 410 of /home/travis/build/fontdirectory/bigshotone/builds/build/sources/BigshotOne.ufo/features.fea
Use of undefined glyph class, @_o_1st, on line 411 of /home/travis/build/fontdirectory/bigshotone/builds/build/sources/BigshotOne.ufo/features.fea
Use of undefined glyph class, @_e_1st, on line 412 of /home/travis/build/fontdirectory/bigshotone/builds/build/sources/BigshotOne.ufo/features.fea
Use of undefined glyph class, @_e_1st, on line 413 of /home/travis/build/fontdirectory/bigshotone/builds/build/sources/BigshotOne.ufo/features.fea
Use of undefined glyph class, @_e_1st, on line 414 of /home/travis/build/fontdirectory/bigshotone/builds/build/sources/BigshotOne.ufo/features.fea
Use of undefined glyph class, @_c_1st, on line 415 of /home/travis/build/fontdirectory/bigshotone/builds/build/sources/BigshotOne.ufo/features.fea
Use of undefined glyph class, @_n, on line 416 of /home/travis/build/fontdirectory/bigshotone/builds/build/sources/BigshotOne.ufo/features.fea
Use of undefined glyph class, @_n, on line 417 of /home/travis/build/fontdirectory/bigshotone/builds/build/sources/BigshotOne.ufo/features.fea
Use of undefined glyph class, @_y, on line 419 of /home/travis/build/fontdirectory/bigshotone/builds/build/sources/BigshotOne.ufo/features.fea
Use of undefined glyph class, @_y, on line 420 of /home/travis/build/fontdirectory/bigshotone/builds/build/sources/BigshotOne.ufo/features.fea
Use of undefined glyph class, @_y, on line 421 of /home/travis/build/fontdirectory/bigshotone/builds/build/sources/BigshotOne.ufo/features.fea
Use of undefined glyph class, @_y, on line 422 of /home/travis/build/fontdirectory/bigshotone/builds/build/sources/BigshotOne.ufo/features.fea
Use of undefined glyph class, @_a_2nd, on line 423 of /home/travis/build/fontdirectory/bigshotone/builds/build/sources/BigshotOne.ufo/features.fea
Use of undefined glyph class, @_o_2nd, on line 424 of /home/travis/build/fontdirectory/bigshotone/builds/build/sources/BigshotOne.ufo/features.fea
Expected 'kern' in lookup definition on line 425 of /home/travis/build/fontdirectory/bigshotone/builds/build/sources/BigshotOne.ufo/features.fea
Expected ';' at statement end on line 425 of /home/travis/build/fontdirectory/bigshotone/builds/build/sources/BigshotOne.ufo/features.fea
There were errors when parsing the feature file and the features have not been applied
bakery_lint.tests.upstream.test_check_ufo_fontfamily_recommendations.TestUFOFontFamilyNamingTest.test_familyname_less_than_32_chars(): OK
bakery_lint.tests.upstream.test_check_ufo_fontfamily_recommendations.TestUFOFontFamilyNamingTest.test_fullfontname_less_than_64_chars(): OK
bakery_lint.tests.upstream.test_check_ufo_fontfamily_recommendations.TestUFOFontFamilyNamingTest.test_postscriptname_consistof_allowed_chars(): OK
bakery_lint.tests.upstream.test_check_ufo_fontfamily_recommendations.TestUFOFontFamilyNamingTest.test_postscriptname_less_than_30_chars(): OK
bakery_lint.tests.upstream.test_check_ufo_fontfamily_recommendations.TestUFOFontFamilyNamingTest.test_stylename_less_than_32_chars(): OK
bakery_lint.tests.upstream.test_check_ufo_fontfamily_recommendations.TestUFOFontFamilyNamingTest.test_weight_value_range_between_250_and_900(): OK
$ bakery-lint.py upstream-ttx BigshotOne.ttf.ttx
bakery_lint.tests.upstream.test_font_filename_eq_familystyle.TestTTFSourceFontFileNameEqualsFamilyStyle.test_source_ttf_font_filename_equals_familystyle(): FAIL
$ mv /home/travis/build/fontdirectory/bigshotone/builds/build/sources/BigshotOne.ttf.ttx /home/travis/build/fontdirectory/bigshotone/builds/build/sources/BigshotOne-Regular.ttx
bakery_lint.tests.upstream.test_font_filename_eq_familystyle.TestTTFSourceFontFileNameEqualsFamilyStyle.test_source_ttf_font_filename_equals_familystyle(): OK
bakery_lint.tests.upstream.test_glyphname_does_not_contain_disallowed_chars.TestGlyphNameDoesNotContainsDisallowedChars.test_glyphname_does_not_contain_disallowed_chars(): FAIL
bakery_lint.tests.upstream.test_check_ttx_fontfamily_recommendations.TTX_FontFamilyNamingTest.test_ttx_family_naming_recommendation(): OK
bakery_lint.tests.upstream.test_check_ttx_requirements.SourceTTXTest.test_epar_in_keys(): FAIL
bakery_lint.tests.upstream.test_check_ttx_requirements.SourceTTXTest.test_os2_in_keys(): OK
bakery_lint.tests.upstream.test_check_ttx_requirements.SourceTTXTest.test_ttx_doesnt_contain_duplicate_glyphs(): OK
$ bakery-lint.py upstream-ttx BigshotOne.otf.ttx
bakery_lint.tests.upstream.test_font_filename_eq_familystyle.TestTTFSourceFontFileNameEqualsFamilyStyle.test_source_ttf_font_filename_equals_familystyle(): FAIL
$ mv /home/travis/build/fontdirectory/bigshotone/builds/build/sources/BigshotOne.otf.ttx /home/travis/build/fontdirectory/bigshotone/builds/build/sources/BigshotOne-Regular.ttx
bakery_lint.tests.upstream.test_font_filename_eq_familystyle.TestTTFSourceFontFileNameEqualsFamilyStyle.test_source_ttf_font_filename_equals_familystyle(): OK
bakery_lint.tests.upstream.test_glyphname_does_not_contain_disallowed_chars.TestGlyphNameDoesNotContainsDisallowedChars.test_glyphname_does_not_contain_disallowed_chars(): OK
bakery_lint.tests.upstream.test_check_ttx_fontfamily_recommendations.TTX_FontFamilyNamingTest.test_ttx_family_naming_recommendation(): OK
bakery_lint.tests.upstream.test_check_ttx_requirements.SourceTTXTest.test_epar_in_keys(): FAIL
bakery_lint.tests.upstream.test_check_ttx_requirements.SourceTTXTest.test_os2_in_keys(): OK
bakery_lint.tests.upstream.test_check_ttx_requirements.SourceTTXTest.test_ttx_doesnt_contain_duplicate_glyphs(): OK
$ bakery-lint.py upstream BigshotOne-TTF.sfd
bakery_lint.tests.upstream.test_check_ufo_requirements.UfoOpenTest.test_has_rupee(): ERROR
bakery_lint.tests.upstream.test_check_ufo_requirements.UfoOpenTest.test_is_A(): ERROR
bakery_lint.tests.upstream.test_check_ufo_requirements.UfoOpenTest.test_is_A_a_glyph_instance(): ERROR
bakery_lint.tests.upstream.test_check_ufo_requirements.UfoOpenTest.test_is_ended_ufo(): ERROR
bakery_lint.tests.upstream.test_check_ufo_requirements.UfoOpenTest.test_is_folder(): ERROR
bakery_lint.tests.upstream.test_check_ufo_requirements.UfoOpenTest.test_is_fsType_eq_1(): ERROR
bakery_lint.tests.upstream.test_check_ufo_requirements.UfoOpenTest.test_it_exists(): ERROR
bakery_lint.tests.upstream.test_font_filename_eq_familystyle.TestTTFSourceFontFileNameEqualsFamilyStyle.test_source_ttf_font_filename_equals_familystyle(): ERROR
bakery_lint.tests.upstream.test_check_ufo_fontfamily_recommendations.TestUFOFontFamilyNamingTest.test_familyname_less_than_32_chars(): OK
bakery_lint.tests.upstream.test_check_ufo_fontfamily_recommendations.TestUFOFontFamilyNamingTest.test_fullfontname_less_than_64_chars(): OK
bakery_lint.tests.upstream.test_check_ufo_fontfamily_recommendations.TestUFOFontFamilyNamingTest.test_postscriptname_consistof_allowed_chars(): OK
bakery_lint.tests.upstream.test_check_ufo_fontfamily_recommendations.TestUFOFontFamilyNamingTest.test_postscriptname_less_than_30_chars(): OK
bakery_lint.tests.upstream.test_check_ufo_fontfamily_recommendations.TestUFOFontFamilyNamingTest.test_stylename_less_than_32_chars(): OK
bakery_lint.tests.upstream.test_check_ufo_fontfamily_recommendations.TestUFOFontFamilyNamingTest.test_weight_value_range_between_250_and_900(): OK
### (4 of 6) Convert sources to TTF
$ ttx -d /home/travis/build/fontdirectory/bigshotone/builds/build /home/travis/build/fontdirectory/bigshotone/builds/build/sources/BigshotOne-Regular.ttx
$ font2ttf.py sources/BigshotOne-Regular.otf BigshotOne-Regular.ttf
This font contains both a 'kern' table and a 'GPOS' table.
  The 'kern' table will only be read if there is no 'kern' feature in 'GPOS'.
Warning: Mac and Windows entries in the 'name' table differ for the
 Fullname string in the language English (US)
 Mac String: Bigshot One
Windows String: BigshotOne
Success: Generated OpenType-TTF (/home/travis/build/fontdirectory/bigshotone/builds/build/BigshotOne-Regular.ttf)
strippedname:/home/travis/build/fontdirectory/bigshotone/builds/build/sources/BigshotOne-TTF.sfd
strippedname:/home/travis/build/fontdirectory/bigshotone/builds/build/sources/BigshotOne.ufo
Compiling "/home/travis/build/fontdirectory/bigshotone/builds/build/sources/BigshotOne-Regular.ttx" to "/home/travis/build/fontdirectory/bigshotone/builds/build/BigshotOne-Regular.otf"...
Parsing 'GlyphOrder' table...
Parsing 'head' table...
Parsing 'hhea' table...
Parsing 'maxp' table...
Parsing 'OS/2' table...
Parsing 'name' table...
Parsing 'cmap' table...
Parsing 'post' table...
Parsing 'CFF ' table...
Parsing 'GPOS' table...
Parsing 'hmtx' table...
Parsing 'kern' table...
strippedname:/home/travis/build/fontdirectory/bigshotone/builds/build/BigshotOne-Regular.otf
$ font2ttf.py sources/BigshotOne.ufo BigshotOne.ttf
### Test BigshotOne-Regular.ttf
$ bakery-lint.py result BigshotOne-Regular.ttf
bakery_lint.tests.downstream.test_names_are_ascii_only.CheckNamesAreASCIIOnly.test_check_names_are_ascii_only(): OK
bakery_lint.tests.downstream.test_check_full_font_name_begins_with_family_name.CheckFullFontNameBeginsWithFamilyName.test_check_full_font_name_begins_with_family_name(): FAIL
bakery_lint.tests.downstream.test_check_vertical_metrics.CheckVerticalLinegapMetrics.test_metrics_linegaps_are_zero(): OK
bakery_lint.tests.downstream.test_check_vertical_metrics.CheckVerticalAscentMetrics.test_metrics_ascents_equal_bbox(): OK
Success: Generated OpenType-TTF (/home/travis/build/fontdirectory/bigshotone/builds/build/BigshotOne.ttf)
$ font2ttf.py sources/BigshotOne-TTF.sfd BigshotOne-TTF.ttf
### Test BigshotOne.ttf
$ bakery-lint.py result BigshotOne.ttf
bakery_lint.tests.downstream.test_names_are_ascii_only.CheckNamesAreASCIIOnly.test_check_names_are_ascii_only(): OK
bakery_lint.tests.downstream.test_check_full_font_name_begins_with_family_name.CheckFullFontNameBeginsWithFamilyName.test_check_full_font_name_begins_with_family_name(): FAIL
bakery_lint.tests.downstream.test_check_vertical_metrics.CheckVerticalLinegapMetrics.test_metrics_linegaps_are_zero(): OK
bakery_lint.tests.downstream.test_check_vertical_metrics.CheckVerticalDescentMetrics.test_metrics_descents_equal_bbox(): OK
bakery_lint.tests.downstream.test_check_italic_angle_agreement.CheckItalicAngleAgreement.test_check_italic_angle_agreement(): OK
The following table(s) in the font have been ignored by FontForge
  Ignoring 'DSIG' digital signature table
Success: Generated OpenType-TTF (/home/travis/build/fontdirectory/bigshotone/builds/build/BigshotOne-TTF.ttf)
### Test BigshotOne-TTF.ttf
$ bakery-lint.py result BigshotOne-TTF.ttf
### (5 of 6) Generate METADATA.json (genmetadata.py)
$ genmetadata.py /home/travis/build/fontdirectory/bigshotone/builds/build
{} exists
Designer's name from font is: Gesine Todt
bakery_lint.tests.downstream.test_names_are_ascii_only.CheckNamesAreASCIIOnly.test_check_names_are_ascii_only(): OK
bakery_lint.tests.downstream.test_check_full_font_name_begins_with_family_name.CheckFullFontNameBeginsWithFamilyName.test_check_full_font_name_begins_with_family_name(): OK
Original size: 33308\nGzip size: 15550
Family Name: Bigshot One
PS Name: BigshotOne
Full Name: BigshotOne
Style: normal
Weight: 400
Filename: BigshotOne-Regular.ttf
Copyright: Copyright (c) 2011 by Gesine Todt. All rights reserved.
Family Name: Bigshot One
PS Name: BigshotOne
Full Name: Bigshot One
Style: normal
Weight: 400
Filename: BigshotOne-TTF.ttf
Copyright: Copyright (c) 2011 by Gesine Todt. All rights reserved.
Family Name: Bigshot One
PS Name: Bigshot-One
Full Name: Bigshot-One
Style: normal
Weight: 400
Filename: BigshotOne.ttf
Copyright: Copyright (c) 2011 by Gesine Todt. All rights reserved.
### (6 of 6) Run tests for METADATA.json
$ bakery-lint.py metadata METADATA.json
bakery_lint.tests.metadata_test.MetadataSubsetsListTest.test_charset_latin(): FAIL
bakery_lint.tests.metadata_test.MetadataSubsetsListTest.test_charset_menu(): FAIL
bakery_lint.tests.metadata_test.MetadataTest.test_description_is_more_than_500b(): FAIL
bakery_lint.tests.metadata_test.MetadataTest.test_description_is_valid_html(): FAIL
bakery_lint.tests.downstream.test_fontforge_validation_state.FontForgeValidateStateTest.test_allowed_numbers_paths_in_composite_glyphs(): OK
bakery_lint.tests.downstream.test_fontforge_validation_state.FontForgeValidateStateTest.test_allowed_numbers_paths_in_glyphs(): OK
bakery_lint.tests.downstream.test_fontforge_validation_state.FontForgeValidateStateTest.test_allowed_numbers_points_in_composite_glyphs(): OK
bakery_lint.tests.downstream.test_fontforge_validation_state.FontForgeValidateStateTest.test_allowed_numbers_points_in_glyphs(): OK
bakery_lint.tests.downstream.test_fontforge_validation_state.FontForgeValidateStateTest.test_duplicate_glyphs(): OK
bakery_lint.tests.downstream.test_fontforge_validation_state.FontForgeValidateStateTest.test_duplicate_unicode_codepoints(): OK
bakery_lint.tests.downstream.test_fontforge_validation_state.FontForgeValidateStateTest.test_flipped_reference_in_glyphs(): OK
bakery_lint.tests.downstream.test_fontforge_validation_state.FontForgeValidateStateTest.test_missing_anchors(): OK
bakery_lint.tests.downstream.test_fontforge_validation_state.FontForgeValidateStateTest.test_missing_extrema_in_glyphs(): OK
bakery_lint.tests.downstream.test_fontforge_validation_state.FontForgeValidateStateTest.test_overlapped_hints(): OK
bakery_lint.tests.downstream.test_fontforge_validation_state.FontForgeValidateStateTest.test_points_are_integer_aligned(): OK
bakery_lint.tests.downstream.test_fontforge_validation_state.FontForgeValidateStateTest.test_points_are_not_too_far_apart(): OK
bakery_lint.tests.downstream.test_fontforge_validation_state.FontForgeValidateStateTest.test_postscript_hasnt_limit_hints_in_glyphs(): OK
bakery_lint.tests.downstream.test_fontforge_validation_state.FontForgeValidateStateTest.test_postscript_hasnt_limit_points_in_glyphs(): OK
bakery_lint.tests.downstream.test_fontforge_validation_state.FontForgeValidateStateTest.test_referenced_glyphs_are_present(): OK
bakery_lint.tests.downstream.test_fontforge_validation_state.FontForgeValidateStateTest.test_valid_glyph_names(): OK
bakery_lint.tests.downstream.test_fontforge_validation_state.FontForgeValidateStateTest.test_valid_length_instructions(): OK
bakery_lint.tests.downstream.test_fontforge_validation_state.FontForgeValidateStateTest.test_validation_glyph_intersect(): OK
bakery_lint.tests.downstream.test_fontforge_validation_state.FontForgeValidateStateTest.test_validation_open_contours(): OK
bakery_lint.tests.downstream.test_fontforge_validation_state.FontForgeValidateStateTest.test_wrong_direction_in_glyphs(): OK
bakery_lint.tests.downstream.test_check_no_problematic_formats.CheckNoProblematicFormats.test_check_no_problematic_formats(): OK
bakery_lint.tests.downstream.test_check_upm_heights_less_120.TestCheckUPMHeightsLess120.test_check_upm_heigths_less_120(): OK
bakery_lint.tests.downstream.test_check_font_tables.CheckFontHasDsigTable.test_check_font_has_dsig_table(): OK
bakery_lint.tests.downstream.test_check_font_tables.CheckFontHasNotKernTable.test_no_kern_table_exists(): OK
bakery_lint.tests.downstream.test_check_os2_width_class.CheckOS2WidthClass.test_check_os2_width_class(): OK
bakery_lint.tests.downstream.test_check_glyf_table_length.CheckGlyfTableLength.test_check_glyf_table_length(): FAIL
bakery_lint.tests.downstream.test_check_name_table_recommendation.CheckStyleNameRecommendation.test_check_stylename_is_under_recommendations(): OK
bakery_lint.tests.downstream.test_check_name_table_recommendation.CheckOTFamilyNameRecommendation.test_check_opentype_familyname(): FAIL
$ bakery-opentype-fix.py /home/travis/build/fontdirectory/bigshotone/builds/build/BigshotOne-Regular.ttf
bakery_lint.tests.downstream.test_check_vertical_metrics.CheckVerticalLinegapMetrics.test_metrics_linegaps_are_zero(): OK
$ mv /home/travis/build/fontdirectory/bigshotone/builds/build/BigshotOne-Regular.ttf.fix /home/travis/build/fontdirectory/bigshotone/builds/build/BigshotOne-Regular.ttf
bakery_lint.tests.downstream.test_check_name_table_recommendation.CheckOTFamilyNameRecommendation.test_check_opentype_familyname(): OK
bakery_lint.tests.downstream.test_check_name_table_recommendation.CheckOTStyleNameRecommendation.test_check_opentype_stylename(): OK
bakery_lint.tests.downstream.test_check_name_table_recommendation.CheckOTFullNameRecommendation.test_check_opentype_fullname(): OK
bakery_lint.tests.downstream.test_check_hmtx_hhea_max_advance_width_agreement.CheckHmtxHheaMaxAdvanceWidthAgreement.test_check_hmtx_hhea_max_advance_width_agreement(): OK
bakery_lint.tests.downstream.test_check_vertical_metrics.CheckVerticalAscentMetrics.test_metrics_ascents_equal_bbox(): OK
bakery_lint.tests.downstream.test_gpos_table_has_kerning_info.CheckGposTableHasKerningInfo.test_gpos_table_has_kerning_info(): OK
bakery_lint.tests.downstream.test_check_names_same_across_platforms.CheckNamesSameAcrossPlatforms.test_check_names_same_across_platforms(): OK
bakery_lint.tests.downstream.test_check_panose_identification.CheckPanoseIdentification.test_check_panose_identification(): OK
bakery_lint.tests.downstream.test_check_unencoded_glyph.TestFontUnencodedGlyph.test_font_unencoded_glyphs(): FAIL
$ bakery-encode-glyphs-fix.py --autofix /home/travis/build/fontdirectory/bigshotone/builds/build/BigshotOne-Regular.ttf
$ mv /home/travis/build/fontdirectory/bigshotone/builds/build/BigshotOne-Regular.ttf.fix /home/travis/build/fontdirectory/bigshotone/builds/build/BigshotOne-Regular.ttf
bakery_lint.tests.downstream.test_check_unencoded_glyph.TestFontUnencodedGlyph.test_font_unencoded_glyphs(): FAIL
bakery_lint.tests.downstream.test_check_magic_prep_code.CheckMagicPREPByteCode.test_prep_magic_code(): FAIL
bakery_lint.tests.downstream.test_check_glyph_existence.CheckGlyphExistence.test_euro(): OK
bakery_lint.tests.downstream.test_check_glyph_existence.CheckGlyphExistence.test_nbsp(): OK
bakery_lint.tests.downstream.test_check_glyph_existence.CheckGlyphExistence.test_space(): OK
bakery_lint.tests.downstream.test_check_nbsp_width_matches_sp_width.CheckNbspWidthMatchesSpWidth.test_check_nbsp_width_matches_sp_width(): OK
bakery_lint.tests.downstream.test_check_unused_glyph_data.CheckUnusedGlyphData.test_check_unused_glyph_data(): ERROR
bakery_lint.tests.downstream.test_check_license_included.CheckLicenseIncluded.test_license_included_in_font_names(): OK
bakery_lint.tests.downstream.test_check_fontname_matches_macstyle.CheckFontNameEqualToMacStyleFlags.test_fontname_is_equal_to_macstyle(): FAIL
bakery_lint.tests.downstream.test_gasp_table_value.CheckGaspTableType.test_check_gasp_table_type(): FAIL
$ bakery-gasp.py --set=15 /home/travis/build/fontdirectory/bigshotone/builds/build/BigshotOne-Regular.ttf
$ mv /home/travis/build/fontdirectory/bigshotone/builds/build/BigshotOne-Regular.ttf.fix /home/travis/build/fontdirectory/bigshotone/builds/build/BigshotOne-Regular.ttf
bakery_lint.tests.downstream.test_gasp_table_value.CheckGaspTableType.test_check_gasp_table_type(): OK
$ bakery-gasp.py --set=15 /home/travis/build/fontdirectory/bigshotone/builds/build/BigshotOne-Regular.ttf
$ mv /home/travis/build/fontdirectory/bigshotone/builds/build/BigshotOne-Regular.ttf.fix /home/travis/build/fontdirectory/bigshotone/builds/build/BigshotOne-Regular.ttf
bakery_lint.tests.downstream.test_check_font_agreements.CheckFsTypeIsNotSet.test_is_fstype_not_set(): OK
$ bakery-fstype-fix.py --autofix /home/travis/build/fontdirectory/bigshotone/builds/build/BigshotOne-Regular.ttf
$ mv /home/travis/build/fontdirectory/bigshotone/builds/build/BigshotOne-Regular.ttf.fix /home/travis/build/fontdirectory/bigshotone/builds/build/BigshotOne-Regular.ttf
bakery_lint.tests.downstream.test_check_font_agreements.CheckFontAgreements.test_em_is_1000(): OK
bakery_lint.tests.downstream.test_check_font_agreements.CheckFontAgreements.test_file_is_font(): OK
bakery_lint.tests.downstream.test_check_font_agreements.CheckFontAgreements.test_font_is_font(): OK
bakery_lint.tests.downstream.test_check_font_agreements.CheckFontAgreements.test_latin_file_exists(): FAIL
bakery_lint.tests.metadata_test.MetadataTest.test_does_not_familyName_exist_in_daltonmaag_catalogue(): FAIL
### Optimize TTF BigshotOne-Regular.ttf
bakery_lint.tests.metadata_test.MetadataTest.test_does_not_familyName_exist_in_fontbureau_catalogue(): OK
bakery_lint.tests.downstream.test_check_vertical_metrics.CheckVerticalAscentMetrics.test_metrics_ascents_equal_bbox(): OK
bakery_lint.tests.downstream.test_check_vertical_metrics.CheckVerticalDescentMetrics.test_metrics_descents_equal_bbox(): OK
bakery_lint.tests.downstream.test_check_italic_angle_agreement.CheckItalicAngleAgreement.test_check_italic_angle_agreement(): OK
The following table(s) in the font have been ignored by FontForge
  Ignoring 'DSIG' digital signature table
bakery_lint.tests.downstream.test_fontforge_validation_state.FontForgeValidateStateTest.test_allowed_numbers_paths_in_composite_glyphs(): OK
bakery_lint.tests.downstream.test_fontforge_validation_state.FontForgeValidateStateTest.test_allowed_numbers_paths_in_glyphs(): OK
bakery_lint.tests.downstream.test_fontforge_validation_state.FontForgeValidateStateTest.test_allowed_numbers_points_in_composite_glyphs(): OK
bakery_lint.tests.downstream.test_fontforge_validation_state.FontForgeValidateStateTest.test_allowed_numbers_points_in_glyphs(): OK
bakery_lint.tests.downstream.test_fontforge_validation_state.FontForgeValidateStateTest.test_duplicate_glyphs(): OK
bakery_lint.tests.downstream.test_fontforge_validation_state.FontForgeValidateStateTest.test_duplicate_unicode_codepoints(): OK
bakery_lint.tests.downstream.test_fontforge_validation_state.FontForgeValidateStateTest.test_flipped_reference_in_glyphs(): OK
bakery_lint.tests.downstream.test_fontforge_validation_state.FontForgeValidateStateTest.test_missing_anchors(): OK
bakery_lint.tests.downstream.test_fontforge_validation_state.FontForgeValidateStateTest.test_missing_extrema_in_glyphs(): OK
bakery_lint.tests.downstream.test_fontforge_validation_state.FontForgeValidateStateTest.test_overlapped_hints(): OK
bakery_lint.tests.downstream.test_fontforge_validation_state.FontForgeValidateStateTest.test_points_are_integer_aligned(): OK
bakery_lint.tests.downstream.test_fontforge_validation_state.FontForgeValidateStateTest.test_points_are_not_too_far_apart(): OK
bakery_lint.tests.downstream.test_fontforge_validation_state.FontForgeValidateStateTest.test_postscript_hasnt_limit_hints_in_glyphs(): OK
bakery_lint.tests.downstream.test_fontforge_validation_state.FontForgeValidateStateTest.test_postscript_hasnt_limit_points_in_glyphs(): OK
bakery_lint.tests.downstream.test_fontforge_validation_state.FontForgeValidateStateTest.test_referenced_glyphs_are_present(): OK
bakery_lint.tests.downstream.test_fontforge_validation_state.FontForgeValidateStateTest.test_valid_glyph_names(): OK
bakery_lint.tests.downstream.test_fontforge_validation_state.FontForgeValidateStateTest.test_valid_length_instructions(): OK
bakery_lint.tests.downstream.test_fontforge_validation_state.FontForgeValidateStateTest.test_validation_glyph_intersect(): OK
bakery_lint.tests.downstream.test_fontforge_validation_state.FontForgeValidateStateTest.test_validation_open_contours(): OK
bakery_lint.tests.downstream.test_fontforge_validation_state.FontForgeValidateStateTest.test_wrong_direction_in_glyphs(): OK
bakery_lint.tests.downstream.test_check_no_problematic_formats.CheckNoProblematicFormats.test_check_no_problematic_formats(): OK
bakery_lint.tests.downstream.test_check_upm_heights_less_120.TestCheckUPMHeightsLess120.test_check_upm_heigths_less_120(): OK
bakery_lint.tests.downstream.test_check_font_tables.CheckFontHasDsigTable.test_check_font_has_dsig_table(): OK
bakery_lint.tests.downstream.test_check_font_tables.CheckFontHasNotKernTable.test_no_kern_table_exists(): OK
bakery_lint.tests.downstream.test_check_os2_width_class.CheckOS2WidthClass.test_check_os2_width_class(): FAIL
bakery_lint.tests.downstream.test_check_glyf_table_length.CheckGlyfTableLength.test_check_glyf_table_length(): FAIL
bakery_lint.tests.downstream.test_check_name_table_recommendation.CheckStyleNameRecommendation.test_check_stylename_is_under_recommendations(): FAIL
$ bakery-opentype-fix.py /home/travis/build/fontdirectory/bigshotone/builds/build/BigshotOne.ttf
$ mv /home/travis/build/fontdirectory/bigshotone/builds/build/BigshotOne.ttf.fix /home/travis/build/fontdirectory/bigshotone/builds/build/BigshotOne.ttf
bakery_lint.tests.downstream.test_check_name_table_recommendation.CheckStyleNameRecommendation.test_check_stylename_is_under_recommendations(): FAIL
bakery_lint.tests.downstream.test_check_name_table_recommendation.CheckOTFamilyNameRecommendation.test_check_opentype_familyname(): OK
bakery_lint.tests.downstream.test_check_name_table_recommendation.CheckOTStyleNameRecommendation.test_check_opentype_stylename(): FAIL
$ bakery-opentype-fix.py /home/travis/build/fontdirectory/bigshotone/builds/build/BigshotOne.ttf
$ ls -l 'BigshotOne-Regular.ttf'* # look at the size savings of that subset process
BigshotOne-Regular.ttf.opt: 27784 bytes
BigshotOne-Regular.ttf: 33260 bytes
$ mv /home/travis/build/fontdirectory/bigshotone/builds/build/BigshotOne-Regular.ttf.opt /home/travis/build/fontdirectory/bigshotone/builds/build/BigshotOne-Regular.ttf
### Autohint TTFs (ttfautohint) BigshotOne-Regular.ttf
$ mv /home/travis/build/fontdirectory/bigshotone/builds/build/BigshotOne.ttf.fix /home/travis/build/fontdirectory/bigshotone/builds/build/BigshotOne.ttf
bakery_lint.tests.downstream.test_check_name_table_recommendation.CheckOTStyleNameRecommendation.test_check_opentype_stylename(): FAIL
bakery_lint.tests.downstream.test_check_name_table_recommendation.CheckOTFullNameRecommendation.test_check_opentype_fullname(): OK
bakery_lint.tests.downstream.test_check_hmtx_hhea_max_advance_width_agreement.CheckHmtxHheaMaxAdvanceWidthAgreement.test_check_hmtx_hhea_max_advance_width_agreement(): OK
bakery_lint.tests.downstream.test_gpos_table_has_kerning_info.CheckGposTableHasKerningInfo.test_gpos_table_has_kerning_info(): OK
bakery_lint.tests.downstream.test_check_names_same_across_platforms.CheckNamesSameAcrossPlatforms.test_check_names_same_across_platforms(): OK
bakery_lint.tests.downstream.test_check_panose_identification.CheckPanoseIdentification.test_check_panose_identification(): OK
bakery_lint.tests.downstream.test_check_unencoded_glyph.TestFontUnencodedGlyph.test_font_unencoded_glyphs(): FAIL
$ bakery-encode-glyphs-fix.py --autofix /home/travis/build/fontdirectory/bigshotone/builds/build/BigshotOne.ttf
$ mv /home/travis/build/fontdirectory/bigshotone/builds/build/BigshotOne.ttf.fix /home/travis/build/fontdirectory/bigshotone/builds/build/BigshotOne.ttf
bakery_lint.tests.downstream.test_check_unencoded_glyph.TestFontUnencodedGlyph.test_font_unencoded_glyphs(): FAIL
bakery_lint.tests.downstream.test_check_magic_prep_code.CheckMagicPREPByteCode.test_prep_magic_code(): FAIL
bakery_lint.tests.downstream.test_check_glyph_existence.CheckGlyphExistence.test_euro(): OK
bakery_lint.tests.downstream.test_check_glyph_existence.CheckGlyphExistence.test_nbsp(): OK
bakery_lint.tests.downstream.test_check_glyph_existence.CheckGlyphExistence.test_space(): OK
bakery_lint.tests.downstream.test_check_nbsp_width_matches_sp_width.CheckNbspWidthMatchesSpWidth.test_check_nbsp_width_matches_sp_width(): OK
bakery_lint.tests.downstream.test_check_unused_glyph_data.CheckUnusedGlyphData.test_check_unused_glyph_data(): ERROR
bakery_lint.tests.downstream.test_check_license_included.CheckLicenseIncluded.test_license_included_in_font_names(): OK
bakery_lint.tests.downstream.test_check_fontname_matches_macstyle.CheckFontNameEqualToMacStyleFlags.test_fontname_is_equal_to_macstyle(): FAIL
bakery_lint.tests.downstream.test_gasp_table_value.CheckGaspTableType.test_check_gasp_table_type(): FAIL
$ bakery-gasp.py --set=15 /home/travis/build/fontdirectory/bigshotone/builds/build/BigshotOne.ttf
$ mv /home/travis/build/fontdirectory/bigshotone/builds/build/BigshotOne.ttf.fix /home/travis/build/fontdirectory/bigshotone/builds/build/BigshotOne.ttf
bakery_lint.tests.downstream.test_gasp_table_value.CheckGaspTableType.test_check_gasp_table_type(): OK
$ bakery-gasp.py --set=15 /home/travis/build/fontdirectory/bigshotone/builds/build/BigshotOne.ttf
$ mv /home/travis/build/fontdirectory/bigshotone/builds/build/BigshotOne.ttf.fix /home/travis/build/fontdirectory/bigshotone/builds/build/BigshotOne.ttf
bakery_lint.tests.downstream.test_check_font_agreements.CheckFsTypeIsNotSet.test_is_fstype_not_set(): OK
$ bakery-fstype-fix.py --autofix /home/travis/build/fontdirectory/bigshotone/builds/build/BigshotOne.ttf
$ ls -l /home/travis/build/fontdirectory/bigshotone/builds/build/BigshotOne-Regular.*ttf # look at the size savings of that subset process
/home/travis/build/fontdirectory/bigshotone/builds/build/BigshotOne-Regular.ttf: 27784 bytes
/home/travis/build/fontdirectory/bigshotone/builds/build/BigshotOne-Regular.autohint.ttf: 47036 bytes
$ mv /home/travis/build/fontdirectory/bigshotone/builds/build/BigshotOne-Regular.autohint.ttf /home/travis/build/fontdirectory/bigshotone/builds/build/BigshotOne-Regular.ttf
### Subset TTFs (pyftsubset) BigshotOne-Regular.ttf
$ mv /home/travis/build/fontdirectory/bigshotone/builds/build/BigshotOne.ttf.fix /home/travis/build/fontdirectory/bigshotone/builds/build/BigshotOne.ttf
bakery_lint.tests.downstream.test_check_font_agreements.CheckFontAgreements.test_em_is_1000(): OK
bakery_lint.tests.downstream.test_check_font_agreements.CheckFontAgreements.test_file_is_font(): OK
bakery_lint.tests.downstream.test_check_font_agreements.CheckFontAgreements.test_font_is_font(): OK
bakery_lint.tests.downstream.test_check_font_agreements.CheckFontAgreements.test_latin_file_exists(): FAIL
bakery_lint.tests.downstream.test_check_vertical_metrics.CheckVerticalDescentMetrics.test_metrics_descents_equal_bbox(): OK
bakery_lint.tests.downstream.test_check_italic_angle_agreement.CheckItalicAngleAgreement.test_check_italic_angle_agreement(): OK
The following table(s) in the font have been ignored by FontForge
  Ignoring 'DSIG' digital signature table
### Optimize TTF BigshotOne.ttf
bakery_lint.tests.downstream.test_fontforge_validation_state.FontForgeValidateStateTest.test_allowed_numbers_paths_in_composite_glyphs(): OK
bakery_lint.tests.downstream.test_fontforge_validation_state.FontForgeValidateStateTest.test_allowed_numbers_paths_in_glyphs(): OK
bakery_lint.tests.downstream.test_fontforge_validation_state.FontForgeValidateStateTest.test_allowed_numbers_points_in_composite_glyphs(): OK
bakery_lint.tests.downstream.test_fontforge_validation_state.FontForgeValidateStateTest.test_allowed_numbers_points_in_glyphs(): OK
bakery_lint.tests.downstream.test_fontforge_validation_state.FontForgeValidateStateTest.test_duplicate_glyphs(): OK
bakery_lint.tests.downstream.test_fontforge_validation_state.FontForgeValidateStateTest.test_duplicate_unicode_codepoints(): OK
bakery_lint.tests.downstream.test_fontforge_validation_state.FontForgeValidateStateTest.test_flipped_reference_in_glyphs(): OK
bakery_lint.tests.downstream.test_fontforge_validation_state.FontForgeValidateStateTest.test_missing_anchors(): OK
bakery_lint.tests.downstream.test_fontforge_validation_state.FontForgeValidateStateTest.test_missing_extrema_in_glyphs(): OK
bakery_lint.tests.downstream.test_fontforge_validation_state.FontForgeValidateStateTest.test_overlapped_hints(): OK
bakery_lint.tests.downstream.test_fontforge_validation_state.FontForgeValidateStateTest.test_points_are_integer_aligned(): OK
bakery_lint.tests.downstream.test_fontforge_validation_state.FontForgeValidateStateTest.test_points_are_not_too_far_apart(): OK
bakery_lint.tests.downstream.test_fontforge_validation_state.FontForgeValidateStateTest.test_postscript_hasnt_limit_hints_in_glyphs(): OK
bakery_lint.tests.downstream.test_fontforge_validation_state.FontForgeValidateStateTest.test_postscript_hasnt_limit_points_in_glyphs(): OK
bakery_lint.tests.downstream.test_fontforge_validation_state.FontForgeValidateStateTest.test_referenced_glyphs_are_present(): OK
bakery_lint.tests.downstream.test_fontforge_validation_state.FontForgeValidateStateTest.test_valid_glyph_names(): OK
bakery_lint.tests.downstream.test_fontforge_validation_state.FontForgeValidateStateTest.test_valid_length_instructions(): OK
bakery_lint.tests.downstream.test_fontforge_validation_state.FontForgeValidateStateTest.test_validation_glyph_intersect(): OK
bakery_lint.tests.downstream.test_fontforge_validation_state.FontForgeValidateStateTest.test_validation_open_contours(): OK
bakery_lint.tests.downstream.test_fontforge_validation_state.FontForgeValidateStateTest.test_wrong_direction_in_glyphs(): OK
bakery_lint.tests.downstream.test_check_no_problematic_formats.CheckNoProblematicFormats.test_check_no_problematic_formats(): OK
bakery_lint.tests.downstream.test_check_upm_heights_less_120.TestCheckUPMHeightsLess120.test_check_upm_heigths_less_120(): OK
bakery_lint.tests.downstream.test_check_font_tables.CheckFontHasDsigTable.test_check_font_has_dsig_table(): OK
bakery_lint.tests.downstream.test_check_font_tables.CheckFontHasNotKernTable.test_no_kern_table_exists(): OK
bakery_lint.tests.downstream.test_check_os2_width_class.CheckOS2WidthClass.test_check_os2_width_class(): OK
bakery_lint.tests.downstream.test_check_glyf_table_length.CheckGlyfTableLength.test_check_glyf_table_length(): FAIL
bakery_lint.tests.downstream.test_check_name_table_recommendation.CheckStyleNameRecommendation.test_check_stylename_is_under_recommendations(): OK
bakery_lint.tests.downstream.test_check_name_table_recommendation.CheckOTFamilyNameRecommendation.test_check_opentype_familyname(): FAIL
$ bakery-opentype-fix.py /home/travis/build/fontdirectory/bigshotone/builds/build/BigshotOne-TTF.ttf
$ mv /home/travis/build/fontdirectory/bigshotone/builds/build/BigshotOne-TTF.ttf.fix /home/travis/build/fontdirectory/bigshotone/builds/build/BigshotOne-TTF.ttf
bakery_lint.tests.downstream.test_check_name_table_recommendation.CheckOTFamilyNameRecommendation.test_check_opentype_familyname(): OK
bakery_lint.tests.downstream.test_check_name_table_recommendation.CheckOTStyleNameRecommendation.test_check_opentype_stylename(): OK
bakery_lint.tests.downstream.test_check_name_table_recommendation.CheckOTFullNameRecommendation.test_check_opentype_fullname(): OK
bakery_lint.tests.downstream.test_check_hmtx_hhea_max_advance_width_agreement.CheckHmtxHheaMaxAdvanceWidthAgreement.test_check_hmtx_hhea_max_advance_width_agreement(): OK
Generate BigshotOne-Regular.latin
$ ls -l 'BigshotOne.ttf'* # look at the size savings of that subset process
BigshotOne.ttf.opt: 24692 bytes
BigshotOne.ttf: 26376 bytes
$ mv /home/travis/build/fontdirectory/bigshotone/builds/build/BigshotOne.ttf.opt /home/travis/build/fontdirectory/bigshotone/builds/build/BigshotOne.ttf
### Autohint TTFs (ttfautohint) BigshotOne.ttf
Generate BigshotOne-Regular.menu
strippedname:/home/travis/build/fontdirectory/bigshotone/builds/build/BigshotOne-Regular.ttf
bakery_lint.tests.downstream.test_gpos_table_has_kerning_info.CheckGposTableHasKerningInfo.test_gpos_table_has_kerning_info(): OK
bakery_lint.tests.downstream.test_check_names_same_across_platforms.CheckNamesSameAcrossPlatforms.test_check_names_same_across_platforms(): OK
bakery_lint.tests.downstream.test_check_panose_identification.CheckPanoseIdentification.test_check_panose_identification(): OK
bakery_lint.tests.downstream.test_check_unencoded_glyph.TestFontUnencodedGlyph.test_font_unencoded_glyphs(): FAIL
$ bakery-encode-glyphs-fix.py --autofix /home/travis/build/fontdirectory/bigshotone/builds/build/BigshotOne-TTF.ttf
$ mv /home/travis/build/fontdirectory/bigshotone/builds/build/BigshotOne-TTF.ttf.fix /home/travis/build/fontdirectory/bigshotone/builds/build/BigshotOne-TTF.ttf
bakery_lint.tests.downstream.test_check_unencoded_glyph.TestFontUnencodedGlyph.test_font_unencoded_glyphs(): FAIL
bakery_lint.tests.downstream.test_check_magic_prep_code.CheckMagicPREPByteCode.test_prep_magic_code(): OK
bakery_lint.tests.downstream.test_check_glyph_existence.CheckGlyphExistence.test_euro(): OK
bakery_lint.tests.downstream.test_check_glyph_existence.CheckGlyphExistence.test_nbsp(): OK
$ ls -l /home/travis/build/fontdirectory/bigshotone/builds/build/BigshotOne.*ttf # look at the size savings of that subset process
/home/travis/build/fontdirectory/bigshotone/builds/build/BigshotOne.ttf: 24692 bytes
/home/travis/build/fontdirectory/bigshotone/builds/build/BigshotOne.autohint.ttf: 43680 bytes
$ mv /home/travis/build/fontdirectory/bigshotone/builds/build/BigshotOne.autohint.ttf /home/travis/build/fontdirectory/bigshotone/builds/build/BigshotOne.ttf
bakery_lint.tests.downstream.test_check_glyph_existence.CheckGlyphExistence.test_space(): OK
### Subset TTFs (pyftsubset) BigshotOne.ttf
bakery_lint.tests.downstream.test_check_nbsp_width_matches_sp_width.CheckNbspWidthMatchesSpWidth.test_check_nbsp_width_matches_sp_width(): OK
bakery_lint.tests.downstream.test_check_unused_glyph_data.CheckUnusedGlyphData.test_check_unused_glyph_data(): ERROR
bakery_lint.tests.downstream.test_check_license_included.CheckLicenseIncluded.test_license_included_in_font_names(): OK
bakery_lint.tests.downstream.test_check_fontname_matches_macstyle.CheckFontNameEqualToMacStyleFlags.test_fontname_is_equal_to_macstyle(): FAIL
bakery_lint.tests.downstream.test_gasp_table_value.CheckGaspTableType.test_check_gasp_table_type(): OK
$ bakery-gasp.py --set=15 /home/travis/build/fontdirectory/bigshotone/builds/build/BigshotOne-TTF.ttf
$ mv /home/travis/build/fontdirectory/bigshotone/builds/build/BigshotOne-TTF.ttf.fix /home/travis/build/fontdirectory/bigshotone/builds/build/BigshotOne-TTF.ttf
bakery_lint.tests.downstream.test_check_font_agreements.CheckFsTypeIsNotSet.test_is_fstype_not_set(): OK
$ bakery-fstype-fix.py --autofix /home/travis/build/fontdirectory/bigshotone/builds/build/BigshotOne-TTF.ttf
$ mv /home/travis/build/fontdirectory/bigshotone/builds/build/BigshotOne-TTF.ttf.fix /home/travis/build/fontdirectory/bigshotone/builds/build/BigshotOne-TTF.ttf
bakery_lint.tests.downstream.test_check_font_agreements.CheckFontAgreements.test_em_is_1000(): OK
bakery_lint.tests.downstream.test_check_font_agreements.CheckFontAgreements.test_file_is_font(): OK
bakery_lint.tests.downstream.test_check_font_agreements.CheckFontAgreements.test_font_is_font(): OK
bakery_lint.tests.downstream.test_check_font_agreements.CheckFontAgreements.test_latin_file_exists(): FAIL
Generate BigshotOne.latin
Generate BigshotOne.menu
strippedname:/home/travis/build/fontdirectory/bigshotone/builds/build/BigshotOne.ttf
### Optimize TTF BigshotOne-TTF.ttf
$ ls -l 'BigshotOne-TTF.ttf'* # look at the size savings of that subset process
BigshotOne-TTF.ttf.opt: 29788 bytes
BigshotOne-TTF.ttf: 35296 bytes
$ mv /home/travis/build/fontdirectory/bigshotone/builds/build/BigshotOne-TTF.ttf.opt /home/travis/build/fontdirectory/bigshotone/builds/build/BigshotOne-TTF.ttf
### Autohint TTFs (ttfautohint) BigshotOne-TTF.ttf
$ ls -l /home/travis/build/fontdirectory/bigshotone/builds/build/BigshotOne-TTF.*ttf # look at the size savings of that subset process
/home/travis/build/fontdirectory/bigshotone/builds/build/BigshotOne-TTF.ttf: 29788 bytes
/home/travis/build/fontdirectory/bigshotone/builds/build/BigshotOne-TTF.autohint.ttf: 47932 bytes
$ mv /home/travis/build/fontdirectory/bigshotone/builds/build/BigshotOne-TTF.autohint.ttf /home/travis/build/fontdirectory/bigshotone/builds/build/BigshotOne-TTF.ttf
### Subset TTFs (pyftsubset) BigshotOne-TTF.ttf
bakery_lint.tests.metadata_test.MetadataTest.test_does_not_familyName_exist_in_fontscom_catalogue(): OK
Generate BigshotOne-TTF.latin
bakery_lint.tests.metadata_test.MetadataTest.test_does_not_familyName_exist_in_fontshop_catalogue(): FAIL
Generate BigshotOne-TTF.menu
strippedname:/home/travis/build/fontdirectory/bigshotone/builds/build/BigshotOne-TTF.ttf
bakery_lint.tests.metadata_test.MetadataTest.test_does_not_familyName_exist_in_fontsmith_catalogue(): OK
bakery_lint.tests.metadata_test.MetadataTest.test_does_not_familyName_exist_in_houseind_catalogue(): OK
bakery_lint.tests.metadata_test.MetadataTest.test_does_not_familyName_exist_in_myfonts_catalogue(): OK
bakery_lint.tests.metadata_test.MetadataTest.test_does_not_familyName_exist_in_veer_catalogue(): OK
bakery_lint.tests.metadata_test.MetadataTest.test_family_is_listed_in_gwf(): OK
bakery_lint.tests.metadata_test.MetadataTest.test_metadata_atleast_latin_menu_subsets_exist(): OK
/home/travis/virtualenv/python2.7.8/lib/python2.7/site-packages/bakery_lint/tests/metadata_test.py:141: UnicodeWarning: Unicode equal comparison failed to convert both arguments to Unicode - interpreting them as being unequal
  self.assertTrue(designer in designers,
bakery_lint.tests.metadata_test.MetadataTest.test_metadata_designer_exists_in_profiles_csv(): OK
bakery_lint.tests.metadata_test.MetadataTest.test_metadata_fonts_items_dicts(): OK
bakery_lint.tests.metadata_test.MetadataTest.test_metadata_fonts_key_list(): OK
bakery_lint.tests.metadata_test.MetadataTest.test_metadata_fonts_no_dupes(): OK
bakery_lint.tests.metadata_test.MetadataTest.test_metadata_has_unique_style_weight_pairs(): OK
bakery_lint.tests.metadata_test.MetadataTest.test_metadata_keys(): OK
bakery_lint.tests.metadata_test.MetadataTest.test_metadata_license(): OK
bakery_lint.tests.metadata_test.MetadataTest.test_metadata_no_unknown_top_keys(): OK
bakery_lint.tests.metadata_test.MetadataTest.test_metadata_subsets_key_list(): OK
bakery_lint.tests.metadata_test.MetadataTest.test_metadata_top_keys_types(): FAIL
bakery_lint.tests.downstream.test_check_metadata_style_matches_names.CheckItalicStyleMatchesMacStyle.test_check_italic_style_matches_names(): OK
bakery_lint.tests.downstream.test_check_metadata_style_matches_names.CheckNormalStyleMatchesMacStyle.test_check_normal_style_matches_names(): OK
bakery_lint.tests.downstream.test_check_familyname_matches_fontnames.CheckFamilyNameMatchesFontNames.test_check_familyname_matches_fontnames(): OK
bakery_lint.tests.downstream.test_metadata_font_copyright.CheckMetadataContainsReservedFontName.test_copyright_contains_correct_rfn(): FAIL
bakery_lint.tests.downstream.test_metadata_font_copyright.CheckMetadataContainsReservedFontName.test_copyright_is_consistent_across_family(): OK
bakery_lint.tests.downstream.test_metadata_font_copyright.CheckMetadataContainsReservedFontName.test_copyright_matches_pattern(): OK
bakery_lint.tests.downstream.test_metadata_font_copyright.CheckMetadataContainsReservedFontName.test_metadata_copyright_size(): OK
bakery_lint.tests.downstream.test_check_canonical_filenames.CheckCanonicalFilenames.test_check_canonical_filenames(): FAIL
bakery_lint.tests.downstream.test_check_font_name_not_in_camelcase.CheckFontNameNotInCamelCase.test_fontname_not_in_camel_case(): OK
bakery_lint.tests.downstream.test_check_metadata_matches_nametable.CheckMetadataMatchesNameTable.test_check_metadata_matches_nametable(): FAIL
bakery_lint.tests.downstream.test_check_canonical_weights.CheckCanonicalWeights.test_check_canonical_weights(): OK
bakery_lint.tests.downstream.test_check_canonical_weights.CheckPostScriptNameMatchesWeight.test_postscriptname_contains_correct_weight(): FAIL
bakery_lint.tests.downstream.test_check_canonical_weights.CheckFontWeightSameAsInMetadata.test_font_weight_same_as_in_metadata(): OK
bakery_lint.tests.downstream.test_check_canonical_weights.CheckFullNameEqualCanonicalName.test_metadata_contains_current_font(): OK
bakery_lint.tests.downstream.test_check_glyph_consistency.CheckGlyphConsistencyInFamily.test_the_same_encodings_of_glyphs_across_family(): OK
bakery_lint.tests.downstream.test_check_glyph_consistency.CheckGlyphConsistencyInFamily.test_the_same_names_of_glyphs_across_family(): OK
bakery_lint.tests.downstream.test_check_glyph_consistency.CheckGlyphConsistencyInFamily.test_the_same_number_of_glyphs_across_family(): OK
bakery_lint.tests.downstream.test_check_canonical_styles.CheckCanonicalStyles.test_check_canonical_styles(): OK
bakery_lint.tests.downstream.test_check_metadata_fields.CheckMetadataFields.test_check_metadata_fields(): OK
bakery_lint.tests.downstream.test_check_files_menu_agreements.CheckFontsMenuAgreements.test_menu_file_agreement(): OK
bakery_lint.tests.downstream.test_check_monospace_agreements.CheckMonospaceAgreement.test_check_monospace_agreement(): OK
bakery_lint.tests.downstream.test_check_menu_contains_proper_glyphs.CheckMenuSubsetContainsProperGlyphs.test_check_menu_contains_proper_glyphs(): FAIL
bakery_lint.tests.downstream.test_check_text_files_exist.CheckTextFilesExist.test_copyrighttxt_exists(): FAIL
bakery_lint.tests.downstream.test_check_text_files_exist.CheckTextFilesExist.test_description_exists(): OK
bakery_lint.tests.downstream.test_check_text_files_exist.CheckTextFilesExist.test_fontlogtxt_exists(): OK
bakery_lint.tests.downstream.test_check_text_files_exist.CheckTextFilesExist.test_licensetxt_exists(): FAIL
bakery_lint.tests.downstream.test_check_subsets_exists.CheckSubsetsExist.test_check_subsets_exists(): OK
bakery_lint.tests.downstream.test_metadata_agreements.CheckMetadataAgreements.test_font_name_matches_family(): FAIL
bakery_lint.tests.downstream.test_metadata_agreements.CheckMetadataAgreements.test_metadata_family(): FAIL
bakery_lint.tests.downstream.test_metadata_agreements.CheckMetadataAgreements.test_metadata_family_values_are_all_the_same(): OK
bakery_lint.tests.downstream.test_metadata_agreements.CheckMetadataAgreements.test_metadata_filename_matches_postScriptName(): FAIL
bakery_lint.tests.downstream.test_metadata_agreements.CheckMetadataAgreements.test_metadata_font_have_regular(): OK
bakery_lint.tests.downstream.test_metadata_agreements.CheckMetadataAgreements.test_metadata_fonts_fields_have_fontname(): FAIL
bakery_lint.tests.downstream.test_metadata_agreements.CheckMetadataAgreements.test_metadata_fullname_is_equal_to_internal_font_fullname(): FAIL
bakery_lint.tests.downstream.test_metadata_agreements.CheckMetadataAgreements.test_metadata_fullname_matches_postScriptName(): FAIL
bakery_lint.tests.downstream.test_metadata_agreements.CheckMetadataAgreements.test_metadata_postScriptName_matches_ttf_fontname(): FAIL
bakery_lint.tests.downstream.test_metadata_agreements.CheckMetadataAgreements.test_metadata_regular_is_400(): FAIL
bakery_lint.tests.downstream.test_metadata_agreements.CheckMetadataAgreements.test_metadata_regular_is_normal(): FAIL
{
  "name": "Bigshot One", 
  "designer": "Gesine Todt", 
  "license": "OFL", 
  "visibility": "External", 
  "category": "Display", 
  "size": 19985, 
  "fonts": [
    {
      "name": "Bigshot One", 
      "postScriptName": "BigshotOne", 
      "fullName": "BigshotOne", 
      "style": "normal", 
      "weight": 400, 
      "filename": "BigshotOne-Regular.ttf", 
      "copyright": "Copyright (c) 2011 by Gesine Todt. All rights reserved."
    }, 
    {
      "name": "Bigshot One", 
      "postScriptName": "BigshotOne", 
      "fullName": "Bigshot One", 
      "style": "normal", 
      "weight": 400, 
      "filename": "BigshotOne-TTF.ttf", 
      "copyright": "Copyright (c) 2011 by Gesine Todt. All rights reserved."
    }, 
    {
      "name": "Bigshot One", 
      "postScriptName": "Bigshot-One", 
      "fullName": "Bigshot-One", 
      "style": "normal", 
      "weight": 400, 
      "filename": "BigshotOne.ttf", 
      "copyright": "Copyright (c) 2011 by Gesine Todt. All rights reserved."
    }
  ], 
  "subsets": [
    "latin"
  ], 
  "dateAdded": "2011-05-04"
}
